                                      1 ;--------------------------------------------------------
                                      2 ; File Created by SDCC : free open source ISO C Compiler
                                      3 ; Version 4.6.0 #16555 (MINGW64)
                                      4 ;--------------------------------------------------------
                                      5 	.module game_data
                                      6 	
                                      7 	.optsdcc -mz80 sdcccall(1)
                                      8 ;--------------------------------------------------------
                                      9 ; Public variables in this module
                                     10 ;--------------------------------------------------------
                                     11 	.globl _g_GameDatabase
                                     12 ;--------------------------------------------------------
                                     13 ; special function registers
                                     14 ;--------------------------------------------------------
                                     15 ;--------------------------------------------------------
                                     16 ; ram data
                                     17 ;--------------------------------------------------------
                                     18 	.area _DATA
                                     19 ;--------------------------------------------------------
                                     20 ; ram data
                                     21 ;--------------------------------------------------------
                                     22 	.area _INITIALIZED
                                     23 ;--------------------------------------------------------
                                     24 ; absolute ram data
                                     25 ;--------------------------------------------------------
                                     26 	.area _DABS (ABS)
                                     27 	.area _DABS (ABS)
                                     28 ;--------------------------------------------------------
                                     29 ; global & static initialisations
                                     30 ;--------------------------------------------------------
                                     31 	.area _HOME
                                     32 	.area _GSINIT
                                     33 	.area _GSFINAL
                                     34 	.area _GSINIT
                                     35 ;--------------------------------------------------------
                                     36 ; Home
                                     37 ;--------------------------------------------------------
                                     38 	.area _HOME
                                     39 	.area _HOME
                                     40 ;--------------------------------------------------------
                                     41 ; code
                                     42 ;--------------------------------------------------------
                                     43 	.area _CODE
                                     44 	.area _CODE
    00000000                         45 _s_msg_0:
    00000000 0B                      46 	.db #0x0b	; 11
    00000001r6Er01                   47 	.dw __str_0
    00000003                         48 _s_msg_1:
    00000003 1E                      49 	.db #0x1e	; 30
    00000004rA4r01                   50 	.dw __str_1
    00000006                         51 _s_msg_2:
    00000006 1F                      52 	.db #0x1f	; 31
    00000007rEFr01                   53 	.dw __str_2
    00000009                         54 _s_msg_3:
    00000009 20                      55 	.db #0x20	; 32
    0000000Ar0Er02                   56 	.dw __str_3
    0000000C                         57 _s_msg_4:
    0000000C 21                      58 	.db #0x21	; 33
    0000000Dr15r02                   59 	.dw __str_4
    0000000F                         60 _s_msg_5:
    0000000F 22                      61 	.db #0x22	; 34
    00000010r25r02                   62 	.dw __str_5
    00000012                         63 _s_msg_6:
    00000012 23                      64 	.db #0x23	; 35
    00000013r3Dr02                   65 	.dw __str_6
    00000015                         66 _s_messages:
    00000015r00r00                   67 	.dw _s_msg_0
    00000017r03r00                   68 	.dw _s_msg_1
    00000019r06r00                   69 	.dw _s_msg_2
    0000001Br09r00                   70 	.dw _s_msg_3
    0000001Dr0Cr00                   71 	.dw _s_msg_4
    0000001Fr0Fr00                   72 	.dw _s_msg_5
    00000021r12r00                   73 	.dw _s_msg_6
    00000023                         74 _s_obj_0:
    00000023 01                      75 	.db #0x01	; 1
    00000024 00                      76 	.db #0x00	; 0
    00000025 00                      77 	.db #0x00	; 0
    00000026r81r02                   78 	.dw __str_7
    00000028r87r02                   79 	.dw __str_8
    0000002A                         80 _s_obj_1:
    0000002A 02                      81 	.db #0x02	; 2
    0000002B 01                      82 	.db #0x01	; 1
    0000002C 03                      83 	.db #0x03	; 3
    0000002DrA6r02                   84 	.dw __str_9
    0000002FrB1r02                   85 	.dw __str_10
    00000031                         86 _s_obj_2:
    00000031 03                      87 	.db #0x03	; 3
    00000032 02                      88 	.db #0x02	; 2
    00000033 01                      89 	.db #0x01	; 1
    00000034rCDr02                   90 	.dw __str_11
    00000036rD8r02                   91 	.dw __str_12
    00000038                         92 _s_obj_3:
    00000038 04                      93 	.db #0x04	; 4
    00000039 03                      94 	.db #0x03	; 3
    0000003A 03                      95 	.db #0x03	; 3
    0000003Br07r03                   96 	.dw __str_13
    0000003Dr14r03                   97 	.dw __str_14
    0000003F                         98 _s_obj_4:
    0000003F 05                      99 	.db #0x05	; 5
    00000040 01                     100 	.db #0x01	; 1
    00000041 03                     101 	.db #0x03	; 3
    00000042r30r03                  102 	.dw __str_15
    00000044r41r03                  103 	.dw __str_16
    00000046                        104 _s_objects:
    00000046r23r00                  105 	.dw _s_obj_0
    00000048r2Ar00                  106 	.dw _s_obj_1
    0000004Ar31r00                  107 	.dw _s_obj_2
    0000004Cr38r00                  108 	.dw _s_obj_3
    0000004Er3Fr00                  109 	.dw _s_obj_4
    00000050                        110 _s_pos_0:
    00000050 01                     111 	.db #0x01	; 1
    00000051 02                     112 	.db #0x02	; 2
    00000052 00                     113 	.db #0x00	; 0
    00000053 00                     114 	.db #0x00	; 0
    00000054 00                     115 	.db #0x00	; 0
    00000055r5Cr03                  116 	.dw __str_17
    00000057                        117 _s_pos_1:
    00000057 02                     118 	.db #0x02	; 2
    00000058 00                     119 	.db #0x00	; 0
    00000059 01                     120 	.db #0x01	; 1
    0000005A 03                     121 	.db #0x03	; 3
    0000005B 04                     122 	.db #0x04	; 4
    0000005CrD3r03                  123 	.dw __str_18
    0000005E                        124 _s_pos_2:
    0000005E 03                     125 	.db #0x03	; 3
    0000005F 00                     126 	.db #0x00	; 0
    00000060 00                     127 	.db #0x00	; 0
    00000061 00                     128 	.db #0x00	; 0
    00000062 02                     129 	.db #0x02	; 2
    00000063r3Br04                  130 	.dw __str_19
    00000065                        131 _s_pos_3:
    00000065 04                     132 	.db #0x04	; 4
    00000066 00                     133 	.db #0x00	; 0
    00000067 00                     134 	.db #0x00	; 0
    00000068 02                     135 	.db #0x02	; 2
    00000069 00                     136 	.db #0x00	; 0
    0000006Ar98r04                  137 	.dw __str_20
    0000006C                        138 _s_positions:
    0000006Cr50r00                  139 	.dw _s_pos_0
    0000006Er57r00                  140 	.dw _s_pos_1
    00000070r5Er00                  141 	.dw _s_pos_2
    00000072r65r00                  142 	.dw _s_pos_3
    00000074                        143 _s_func_inst_0:
    00000074 09                     144 	.db #0x09	; 9
    00000075 01                     145 	.db #0x01	; 1
    00000076 01                     146 	.db #0x01	; 1
    00000077 00                     147 	.db #0x00	; 0
    00000078 09                     148 	.db #0x09	; 9
    00000079 0A                     149 	.db #0x0a	; 10
    0000007A 00                     150 	.db #0x00	; 0
    0000007B 00                     151 	.db #0x00	; 0
    0000007C 22                     152 	.db #0x22	; 34
    0000007D 00                     153 	.db #0x00	; 0
    0000007E 00                     154 	.db #0x00	; 0
    0000007F 00                     155 	.db #0x00	; 0
    00000080                        156 _s_func_0:
    00000080 01                     157 	.db #0x01	; 1
    00000081r74r00                  158 	.dw _s_func_inst_0
    00000083 03                     159 	.db #0x03	; 3
    00000084                        160 _s_func_inst_1:
    00000084 0F                     161 	.db #0x0f	; 15
    00000085 00                     162 	.db #0x00	; 0
    00000086 03                     163 	.db #0x03	; 3
    00000087 00                     164 	.db #0x00	; 0
    00000088 01                     165 	.db #0x01	; 1
    00000089 13                     166 	.db #0x13	; 19
    0000008A 00                     167 	.db #0x00	; 0
    0000008B 00                     168 	.db #0x00	; 0
    0000008C 02                     169 	.db #0x02	; 2
    0000008D 00                     170 	.db #0x00	; 0
    0000008E 00                     171 	.db #0x00	; 0
    0000008F 00                     172 	.db #0x00	; 0
    00000090 0D                     173 	.db #0x0d	; 13
    00000091 08                     174 	.db #0x08	; 8
    00000092 04                     175 	.db #0x04	; 4
    00000093 07                     176 	.db #0x07	; 7
    00000094 13                     177 	.db #0x13	; 19
    00000095 00                     178 	.db #0x00	; 0
    00000096 00                     179 	.db #0x00	; 0
    00000097 00                     180 	.db #0x00	; 0
    00000098 01                     181 	.db #0x01	; 1
    00000099 20                     182 	.db #0x20	; 32
    0000009A 00                     183 	.db #0x00	; 0
    0000009B 00                     184 	.db #0x00	; 0
    0000009C 02                     185 	.db #0x02	; 2
    0000009D 00                     186 	.db #0x00	; 0
    0000009E 00                     187 	.db #0x00	; 0
    0000009F 00                     188 	.db #0x00	; 0
    000000A0 01                     189 	.db #0x01	; 1
    000000A1 15                     190 	.db #0x15	; 21
    000000A2 00                     191 	.db #0x00	; 0
    000000A3 00                     192 	.db #0x00	; 0
    000000A4 02                     193 	.db #0x02	; 2
    000000A5 00                     194 	.db #0x00	; 0
    000000A6 00                     195 	.db #0x00	; 0
    000000A7 00                     196 	.db #0x00	; 0
    000000A8                        197 _s_func_1:
    000000A8 06                     198 	.db #0x06	; 6
    000000A9r84r00                  199 	.dw _s_func_inst_1
    000000AB 09                     200 	.db #0x09	; 9
    000000AC                        201 _s_func_inst_2:
    000000AC 11                     202 	.db #0x11	; 17
    000000AD 00                     203 	.db #0x00	; 0
    000000AE 03                     204 	.db #0x03	; 3
    000000AF 00                     205 	.db #0x00	; 0
    000000B0 01                     206 	.db #0x01	; 1
    000000B1 11                     207 	.db #0x11	; 17
    000000B2 00                     208 	.db #0x00	; 0
    000000B3 00                     209 	.db #0x00	; 0
    000000B4 02                     210 	.db #0x02	; 2
    000000B5 00                     211 	.db #0x00	; 0
    000000B6 00                     212 	.db #0x00	; 0
    000000B7 00                     213 	.db #0x00	; 0
    000000B8 19                     214 	.db #0x19	; 25
    000000B9 00                     215 	.db #0x00	; 0
    000000BA 00                     216 	.db #0x00	; 0
    000000BB 00                     217 	.db #0x00	; 0
    000000BC 01                     218 	.db #0x01	; 1
    000000BD 22                     219 	.db #0x22	; 34
    000000BE 00                     220 	.db #0x00	; 0
    000000BF 00                     221 	.db #0x00	; 0
    000000C0 02                     222 	.db #0x02	; 2
    000000C1 00                     223 	.db #0x00	; 0
    000000C2 00                     224 	.db #0x00	; 0
    000000C3 00                     225 	.db #0x00	; 0
    000000C4                        226 _s_func_2:
    000000C4 07                     227 	.db #0x07	; 7
    000000C5rACr00                  228 	.dw _s_func_inst_2
    000000C7 06                     229 	.db #0x06	; 6
    000000C8                        230 _s_func_inst_3:
    000000C8 11                     231 	.db #0x11	; 17
    000000C9 00                     232 	.db #0x00	; 0
    000000CA 03                     233 	.db #0x03	; 3
    000000CB 00                     234 	.db #0x00	; 0
    000000CC 01                     235 	.db #0x01	; 1
    000000CD 11                     236 	.db #0x11	; 17
    000000CE 00                     237 	.db #0x00	; 0
    000000CF 00                     238 	.db #0x00	; 0
    000000D0 02                     239 	.db #0x02	; 2
    000000D1 00                     240 	.db #0x00	; 0
    000000D2 00                     241 	.db #0x00	; 0
    000000D3 00                     242 	.db #0x00	; 0
    000000D4 12                     243 	.db #0x12	; 18
    000000D5 00                     244 	.db #0x00	; 0
    000000D6 00                     245 	.db #0x00	; 0
    000000D7 00                     246 	.db #0x00	; 0
    000000D8 01                     247 	.db #0x01	; 1
    000000D9 21                     248 	.db #0x21	; 33
    000000DA 00                     249 	.db #0x00	; 0
    000000DB 00                     250 	.db #0x00	; 0
    000000DC 02                     251 	.db #0x02	; 2
    000000DD 00                     252 	.db #0x00	; 0
    000000DE 00                     253 	.db #0x00	; 0
    000000DF 00                     254 	.db #0x00	; 0
    000000E0                        255 _s_func_3:
    000000E0 0D                     256 	.db #0x0d	; 13
    000000E1rC8r00                  257 	.dw _s_func_inst_3
    000000E3 06                     258 	.db #0x06	; 6
    000000E4                        259 _s_func_inst_4:
    000000E4 0F                     260 	.db #0x0f	; 15
    000000E5 00                     261 	.db #0x00	; 0
    000000E6 04                     262 	.db #0x04	; 4
    000000E7 00                     263 	.db #0x00	; 0
    000000E8 11                     264 	.db #0x11	; 17
    000000E9 00                     265 	.db #0x00	; 0
    000000EA 04                     266 	.db #0x04	; 4
    000000EB 00                     267 	.db #0x00	; 0
    000000EC 01                     268 	.db #0x01	; 1
    000000ED 13                     269 	.db #0x13	; 19
    000000EE 00                     270 	.db #0x00	; 0
    000000EF 00                     271 	.db #0x00	; 0
    000000F0 02                     272 	.db #0x02	; 2
    000000F1 00                     273 	.db #0x00	; 0
    000000F2 00                     274 	.db #0x00	; 0
    000000F3 00                     275 	.db #0x00	; 0
    000000F4 01                     276 	.db #0x01	; 1
    000000F5 14                     277 	.db #0x14	; 20
    000000F6 00                     278 	.db #0x00	; 0
    000000F7 00                     279 	.db #0x00	; 0
    000000F8 06                     280 	.db #0x06	; 6
    000000F9 00                     281 	.db #0x00	; 0
    000000FA 00                     282 	.db #0x00	; 0
    000000FB 00                     283 	.db #0x00	; 0
    000000FC 29                     284 	.db #0x29	; 41
    000000FD 2E                     285 	.db #0x2e	; 46
    000000FE 00                     286 	.db #0x00	; 0
    000000FF 00                     287 	.db #0x00	; 0
    00000100 02                     288 	.db #0x02	; 2
    00000101 00                     289 	.db #0x00	; 0
    00000102 00                     290 	.db #0x00	; 0
    00000103 00                     291 	.db #0x00	; 0
    00000104                        292 _s_func_4:
    00000104 0E                     293 	.db #0x0e	; 14
    00000105rE4r00                  294 	.dw _s_func_inst_4
    00000107 08                     295 	.db #0x08	; 8
    00000108                        296 _s_functions:
    00000108r80r00                  297 	.dw _s_func_0
    0000010ArA8r00                  298 	.dw _s_func_1
    0000010CrC4r00                  299 	.dw _s_func_2
    0000010ErE0r00                  300 	.dw _s_func_3
    00000110r04r01                  301 	.dw _s_func_4
    00000112                        302 _s_cmd_inst_0:
    00000112 11                     303 	.db #0x11	; 17
    00000113 02                     304 	.db #0x02	; 2
    00000114 03                     305 	.db #0x03	; 3
    00000115 00                     306 	.db #0x00	; 0
    00000116 01                     307 	.db #0x01	; 1
    00000117 11                     308 	.db #0x11	; 17
    00000118 00                     309 	.db #0x00	; 0
    00000119 00                     310 	.db #0x00	; 0
    0000011A 02                     311 	.db #0x02	; 2
    0000011B 00                     312 	.db #0x00	; 0
    0000011C 00                     313 	.db #0x00	; 0
    0000011D 00                     314 	.db #0x00	; 0
    0000011E 09                     315 	.db #0x09	; 9
    0000011F 0A                     316 	.db #0x0a	; 10
    00000120 01                     317 	.db #0x01	; 1
    00000121 00                     318 	.db #0x00	; 0
    00000122 01                     319 	.db #0x01	; 1
    00000123 1E                     320 	.db #0x1e	; 30
    00000124 00                     321 	.db #0x00	; 0
    00000125 00                     322 	.db #0x00	; 0
    00000126 02                     323 	.db #0x02	; 2
    00000127 00                     324 	.db #0x00	; 0
    00000128 00                     325 	.db #0x00	; 0
    00000129 00                     326 	.db #0x00	; 0
    0000012A                        327 _s_cmd_0:
    0000012A 1F                     328 	.db #0x1f	; 31
    0000012B 02                     329 	.db #0x02	; 2
    0000012C 00                     330 	.db #0x00	; 0
    0000012Dr12r01                  331 	.dw _s_cmd_inst_0
    0000012F 06                     332 	.db #0x06	; 6
    00000130                        333 _s_cmd_inst_1:
    00000130 10                     334 	.db #0x10	; 16
    00000131 01                     335 	.db #0x01	; 1
    00000132 03                     336 	.db #0x03	; 3
    00000133 00                     337 	.db #0x00	; 0
    00000134 01                     338 	.db #0x01	; 1
    00000135 10                     339 	.db #0x10	; 16
    00000136 00                     340 	.db #0x00	; 0
    00000137 00                     341 	.db #0x00	; 0
    00000138 02                     342 	.db #0x02	; 2
    00000139 00                     343 	.db #0x00	; 0
    0000013A 00                     344 	.db #0x00	; 0
    0000013B 00                     345 	.db #0x00	; 0
    0000013C 11                     346 	.db #0x11	; 17
    0000013D 04                     347 	.db #0x04	; 4
    0000013E 06                     348 	.db #0x06	; 6
    0000013F 00                     349 	.db #0x00	; 0
    00000140 01                     350 	.db #0x01	; 1
    00000141 0F                     351 	.db #0x0f	; 15
    00000142 00                     352 	.db #0x00	; 0
    00000143 00                     353 	.db #0x00	; 0
    00000144 02                     354 	.db #0x02	; 2
    00000145 00                     355 	.db #0x00	; 0
    00000146 00                     356 	.db #0x00	; 0
    00000147 00                     357 	.db #0x00	; 0
    00000148 01                     358 	.db #0x01	; 1
    00000149 23                     359 	.db #0x23	; 35
    0000014A 00                     360 	.db #0x00	; 0
    0000014B 00                     361 	.db #0x00	; 0
    0000014C 1F                     362 	.db #0x1f	; 31
    0000014D 00                     363 	.db #0x00	; 0
    0000014E 00                     364 	.db #0x00	; 0
    0000014F 00                     365 	.db #0x00	; 0
    00000150                        366 _s_cmd_1:
    00000150 07                     367 	.db #0x07	; 7
    00000151 00                     368 	.db #0x00	; 0
    00000152 00                     369 	.db #0x00	; 0
    00000153r30r01                  370 	.dw _s_cmd_inst_1
    00000155 08                     371 	.db #0x08	; 8
    00000156                        372 _s_commands:
    00000156r2Ar01                  373 	.dw _s_cmd_0
    00000158r50r01                  374 	.dw _s_cmd_1
    0000015A                        375 _g_GameDatabase:
    0000015ArEBr04                  376 	.dw __str_21
    0000015C 01                     377 	.db #0x01	; 1
    0000015D 05                     378 	.db #0x05	; 5
    0000015E 03                     379 	.db #0x03	; 3
    0000015Fr6Cr00                  380 	.dw _s_positions
    00000161 04                     381 	.db #0x04	; 4
    00000162r46r00                  382 	.dw _s_objects
    00000164 05                     383 	.db #0x05	; 5
    00000165r56r01                  384 	.dw _s_commands
    00000167 02                     385 	.db #0x02	; 2
    00000168r08r01                  386 	.dw _s_functions
    0000016A 05                     387 	.db #0x05	; 5
    0000016Br15r00                  388 	.dw _s_messages
    0000016D 07                     389 	.db #0x07	; 7
    0000016E                        390 __str_0:
    0000016E 41 20 4D 61 6E 73 61   391 	.ascii "A Mansao Misteriosa - Uma aventura em texto para MSX."
             6F 20 4D 69 73 74 65
             72 69 6F 73 61 20 2D
             20 55 6D 61 20 61 76
             65 6E 74 75 72 61 20
             65 6D 20 74 65 78 74
             6F 20 70 61 72 61 20
             4D 53 58 2E
    000001A3 00                     392 	.db 0x00
    000001A4                        393 __str_1:
    000001A4 56 6F 63 65 20 72 69   394 	.ascii "Voce riscou um fosforo e acendeu a vela. Uma luz suave ilumi"
             73 63 6F 75 20 75 6D
             20 66 6F 73 66 6F 72
             6F 20 65 20 61 63 65
             6E 64 65 75 20 61 20
             76 65 6C 61 2E 20 55
             6D 61 20 6C 75 7A 20
             73 75 61 76 65 20 69
             6C 75 6D 69
    000001E0 6E 61 20 6F 20 61 6D   395 	.ascii "na o ambiente."
             62 69 65 6E 74 65 2E
    000001EE 00                     396 	.db 0x00
    000001EF                        397 __str_2:
    000001EF 56 6F 63 65 20 61 73   398 	.ascii "Voce assoprou e apagou a vela."
             73 6F 70 72 6F 75 20
             65 20 61 70 61 67 6F
             75 20 61 20 76 65 6C
             61 2E
    0000020D 00                     399 	.db 0x00
    0000020E                        400 __str_3:
    0000020E 50 65 67 6F 75 2E      401 	.ascii "Pegou."
    00000214 00                     402 	.db 0x00
    00000215                        403 __str_4:
    00000215 53 6F 6C 74 6F 75 20   404 	.ascii "Soltou no chao."
             6E 6F 20 63 68 61 6F
             2E
    00000224 00                     405 	.db 0x00
    00000225                        406 __str_5:
    00000225 47 75 61 72 64 6F 75   407 	.ascii "Guardou dentro da mala."
             20 64 65 6E 74 72 6F
             20 64 61 20 6D 61 6C
             61 2E
    0000023C 00                     408 	.db 0x00
    0000023D                        409 __str_6:
    0000023D 56 6F 63 65 20 75 73   410 	.ascii "Voce usou a chave e destrancou o portao sul! Parabens, voce "
             6F 75 20 61 20 63 68
             61 76 65 20 65 20 64
             65 73 74 72 61 6E 63
             6F 75 20 6F 20 70 6F
             72 74 61 6F 20 73 75
             6C 21 20 50 61 72 61
             62 65 6E 73 2C 20 76
             6F 63 65 20
    00000279 76 65 6E 63 65 75 21   411 	.ascii "venceu!"
    00000280 00                     412 	.db 0x00
    00000281                        413 __str_7:
    00000281 4C 4F 43 41 4C         414 	.ascii "LOCAL"
    00000286 00                     415 	.db 0x00
    00000287                        416 __str_8:
    00000287 4F 20 6C 6F 63 61 6C   417 	.ascii "O local onde voce se encontra."
             20 6F 6E 64 65 20 76
             6F 63 65 20 73 65 20
             65 6E 63 6F 6E 74 72
             61 2E
    000002A5 00                     418 	.db 0x00
    000002A6                        419 __str_9:
    000002A6 56 45 4C 41 2F 56 45   420 	.ascii "VELA/VELAS"
             4C 41 53
    000002B0 00                     421 	.db 0x00
    000002B1                        422 __str_10:
    000002B1 55 6D 61 20 76 65 6C   423 	.ascii "Uma vela de cera amarelada."
             61 20 64 65 20 63 65
             72 61 20 61 6D 61 72
             65 6C 61 64 61 2E
    000002CC 00                     424 	.db 0x00
    000002CD                        425 __str_11:
    000002CD 4D 41 4C 41 2F 42 4F   426 	.ascii "MALA/BOLSA"
             4C 53 41
    000002D7 00                     427 	.db 0x00
    000002D8                        428 __str_12:
    000002D8 55 6D 61 20 6D 61 6C   429 	.ascii "Uma mala de couro aberta para guardar objetos."
             61 20 64 65 20 63 6F
             75 72 6F 20 61 62 65
             72 74 61 20 70 61 72
             61 20 67 75 61 72 64
             61 72 20 6F 62 6A 65
             74 6F 73 2E
    00000306 00                     430 	.db 0x00
    00000307                        431 __str_13:
    00000307 43 48 41 56 45 2F 43   432 	.ascii "CHAVE/CHAVES"
             48 41 56 45 53
    00000313 00                     433 	.db 0x00
    00000314                        434 __str_14:
    00000314 55 6D 61 20 63 68 61   435 	.ascii "Uma chave de bronze pesada."
             76 65 20 64 65 20 62
             72 6F 6E 7A 65 20 70
             65 73 61 64 61 2E
    0000032F 00                     436 	.db 0x00
    00000330                        437 __str_15:
    00000330 46 4F 53 46 4F 52 4F   438 	.ascii "FOSFORO/FOSFOROS"
             2F 46 4F 53 46 4F 52
             4F 53
    00000340 00                     439 	.db 0x00
    00000341                        440 __str_16:
    00000341 55 6D 61 20 63 61 69   441 	.ascii "Uma caixinha com fosforos."
             78 69 6E 68 61 20 63
             6F 6D 20 66 6F 73 66
             6F 72 6F 73 2E
    0000035B 00                     442 	.db 0x00
    0000035C                        443 __str_17:
    0000035C 56 6F 63 65 20 65 73   444 	.ascii "Voce esta no grande hall de entrada de uma antiga mansao. Ao"
             74 61 20 6E 6F 20 67
             72 61 6E 64 65 20 68
             61 6C 6C 20 64 65 20
             65 6E 74 72 61 64 61
             20 64 65 20 75 6D 61
             20 61 6E 74 69 67 61
             20 6D 61 6E 73 61 6F
             2E 20 41 6F
    00000398 20 6E 6F 72 74 65 20   445 	.ascii " norte ha uma sala de estar. A saida ao sul esta trancada."
             68 61 20 75 6D 61 20
             73 61 6C 61 20 64 65
             20 65 73 74 61 72 2E
             20 41 20 73 61 69 64
             61 20 61 6F 20 73 75
             6C 20 65 73 74 61 20
             74 72 61 6E 63 61 64
             61 2E
    000003D2 00                     446 	.db 0x00
    000003D3                        447 __str_18:
    000003D3 56 6F 63 65 20 65 73   448 	.ascii "Voce esta em uma confortavel sala de estar com lareira apaga"
             74 61 20 65 6D 20 75
             6D 61 20 63 6F 6E 66
             6F 72 74 61 76 65 6C
             20 73 61 6C 61 20 64
             65 20 65 73 74 61 72
             20 63 6F 6D 20 6C 61
             72 65 69 72 61 20 61
             70 61 67 61
    0000040F 64 61 2E 20 48 61 20   449 	.ascii "da. Ha passagens para o sul, leste e oeste."
             70 61 73 73 61 67 65
             6E 73 20 70 61 72 61
             20 6F 20 73 75 6C 2C
             20 6C 65 73 74 65 20
             65 20 6F 65 73 74 65
             2E
    0000043A 00                     450 	.db 0x00
    0000043B                        451 __str_19:
    0000043B 55 6D 61 20 62 69 62   452 	.ascii "Uma biblioteca silenciosa com estantes repletas de livros em"
             6C 69 6F 74 65 63 61
             20 73 69 6C 65 6E 63
             69 6F 73 61 20 63 6F
             6D 20 65 73 74 61 6E
             74 65 73 20 72 65 70
             6C 65 74 61 73 20 64
             65 20 6C 69 76 72 6F
             73 20 65 6D
    00000477 70 6F 65 69 72 61 64   453 	.ascii "poeirados. A saida fica a oeste."
             6F 73 2E 20 41 20 73
             61 69 64 61 20 66 69
             63 61 20 61 20 6F 65
             73 74 65 2E
    00000497 00                     454 	.db 0x00
    00000498                        455 __str_20:
    00000498 55 6D 20 70 6F 72 61   456 	.ascii "Um porao escuro e gelado sob a mansao. A escada para a sala "
             6F 20 65 73 63 75 72
             6F 20 65 20 67 65 6C
             61 64 6F 20 73 6F 62
             20 61 20 6D 61 6E 73
             61 6F 2E 20 41 20 65
             73 63 61 64 61 20 70
             61 72 61 20 61 20 73
             61 6C 61 20
    000004D4 64 65 20 65 73 74 61   457 	.ascii "de estar sobe a leste."
             72 20 73 6F 62 65 20
             61 20 6C 65 73 74 65
             2E
    000004EA 00                     458 	.db 0x00
    000004EB                        459 __str_21:
    000004EB 41 20 4D 61 6E 73 61   460 	.ascii "A Mansao Misteriosa"
             6F 20 4D 69 73 74 65
             72 69 6F 73 61
    000004FE 00                     461 	.db 0x00
                                    462 	.area _INITIALIZER
                                    463 	.area _CABS (ABS)
