                                      1 ;--------------------------------------------------------
                                      2 ; File Created by SDCC : free open source ISO C Compiler
                                      3 ; Version 4.6.0 #16555 (MINGW64)
                                      4 ;--------------------------------------------------------
                                      5 	.module main
                                      6 	
                                      7 	.optsdcc -mz80 sdcccall(1)
                                      8 ;--------------------------------------------------------
                                      9 ; Public variables in this module
                                     10 ;--------------------------------------------------------
                                     11 	.globl _main
                                     12 	.globl _Game_Run
                                     13 ;--------------------------------------------------------
                                     14 ; special function registers
                                     15 ;--------------------------------------------------------
                                     16 ;--------------------------------------------------------
                                     17 ; ram data
                                     18 ;--------------------------------------------------------
                                     19 	.area _DATA
    00000000                         20 _g_GameState:
    00000000                         21 	.ds 265
                                     22 ;--------------------------------------------------------
                                     23 ; ram data
                                     24 ;--------------------------------------------------------
                                     25 	.area _INITIALIZED
                                     26 ;--------------------------------------------------------
                                     27 ; absolute ram data
                                     28 ;--------------------------------------------------------
                                     29 	.area _DABS (ABS)
                                     30 	.area _DABS (ABS)
                                     31 ;--------------------------------------------------------
                                     32 ; global & static initialisations
                                     33 ;--------------------------------------------------------
                                     34 	.area _HOME
                                     35 	.area _GSINIT
                                     36 	.area _GSFINAL
                                     37 	.area _GSINIT
                                     38 ;--------------------------------------------------------
                                     39 ; Home
                                     40 ;--------------------------------------------------------
                                     41 	.area _HOME
                                     42 	.area _HOME
                                     43 ;--------------------------------------------------------
                                     44 ; code
                                     45 ;--------------------------------------------------------
                                     46 	.area _CODE
                                     47 ;engine/src/main.c:18: void main(void)
                                     48 ;	---------------------------------
                                     49 ; Function main
                                     50 ; ---------------------------------
    00000000                         51 _main::
                                     52 ;engine/src/main.c:20: Game_Run(&g_GameDatabase, &g_GameState);
    00000000 11r00r00         [10]   53 	ld	de, #_g_GameState
    00000003 21r00r00         [10]   54 	ld	hl, #_g_GameDatabase
                                     55 ;engine/src/main.c:25: }
    00000006 C3r00r00         [10]   56 	jp	_Game_Run
                                     57 	.area _CODE
                                     58 	.area _INITIALIZER
                                     59 	.area _CABS (ABS)
